[ccds.fzu.edu.cn/rcpy/jwgs.html]
[backblue.gif]
[fade.gif]
[index.html]
[ccds.fzu.edu.cn/assets/css/style.css]
[ccds.fzu.edu.cn/assets/js/jquery-latest.min.js]
[ccds.fzu.edu.cn/assets/js/ScrollPic.js]
[ccds.fzu.edu.cn/assets/js/bdtxk.hoverIntent.minified.js]
[ccds.fzu.edu.cn/assets/js/link.js]
[ccds.fzu.edu.cn/_sitegray/_sitegray.js]
[ccds.fzu.edu.cn/list.vsb.css]
[ccds.fzu.edu.cn/system/resource/js/vsbscreen.min.js]
[ccds.fzu.edu.cn/system/resource/js/counter.js]
[ccds.fzu.edu.cn/images/logonew20260109.png]
[ccds.fzu.edu.cn/assets/images/anniu.png]
[ccds.fzu.edu.cn/system/resource/js/base64.js]
[ccds.fzu.edu.cn/system/resource/js/formfunc.js]
[ccds.fzu.edu.cn/rcpy/bxln.html]
[ccds.fzu.edu.cn/rcpy/jwtz.html]
[ccds.fzu.edu.cn/rcpy/jwdt.html]
[ccds.fzu.edu.cn/rcpy/bkjy.html]
[ccds.fzu.edu.cn/rcpy/yjsjy.html]
[ccds.fzu.edu.cn/rcpy/mstd.html]
[ccds.fzu.edu.cn/rcpy/syjx.html]
[ccds.fzu.edu.cn/rcpy/jxcg.html]
[ccds.fzu.edu.cn/images/pic.png]
[ccds.fzu.edu.cn/rcpy/ylkc.html]
[ccds.fzu.edu.cn/system/resource/js/centerCutImg.js]
[ccds.fzu.edu.cn/system/resource/js/dynclicks.js]
[ccds.fzu.edu.cn/system/resource/js/ajax.js]
[ccds.fzu.edu.cn/system/resource/css/pagedown/sys.css]
[ccds.fzu.edu.cn/rcpy/jwgs/7.html]
[ccds.fzu.edu.cn/rcpy/jwgs/6.html]
[ccds.fzu.edu.cn/rcpy/jwgs/4.html]
[ccds.fzu.edu.cn/rcpy/jwgs/5.html]
[ccds.fzu.edu.cn/rcpy/jwgs.html]
[ccds.fzu.edu.cn/assets/images/tp_bg.jpg]
[ccds.fzu.edu.cn/rcpy/jwgs/1.html]
[ccds.fzu.edu.cn/assets/images/icon_02.png]
[ccds.fzu.edu.cn/assets/images/icon_01.png]
[ccds.fzu.edu.cn/assets/images/bg.png]
[ccds.fzu.edu.cn/assets/images/pic_02.png]
[ccds.fzu.edu.cn/assets/images/pic_01.png]
[ccds.fzu.edu.cn/assets/images/ga_22.png]
[ccds.fzu.edu.cn/assets/images/ga_21.png]
[ccds.fzu.edu.cn/assets/images/ga_15.png]
[ccds.fzu.edu.cn/assets/images/ga_15_01.png]
[ccds.fzu.edu.cn/assets/images/ga_16.png]
[ccds.fzu.edu.cn/assets/images/ga_16_01.png]
[ccds.fzu.edu.cn/assets/images/ga_17.png]
[ccds.fzu.edu.cn/assets/images/ga_17_011.png]
[ccds.fzu.edu.cn/assets/images/ga_18.png]
[ccds.fzu.edu.cn/assets/images/ga_18_01.png]
[ccds.fzu.edu.cn/assets/images/icon_03.png]
[ccds.fzu.edu.cn/assets/images/icon_04.png]
[ccds.fzu.edu.cn/assets/images/icon_05.png]
[ccds.fzu.edu.cn/assets/images/sd_11.png]
[ccds.fzu.edu.cn/assets/images/sd_10.png]
[ccds.fzu.edu.cn/assets/images/sd_12.png]
[ccds.fzu.edu.cn/assets/images/sd_13.png]
[ccds.fzu.edu.cn/assets/images/sd_14.png]
[ccds.fzu.edu.cn/assets/images/xia.png]
[ccds.fzu.edu.cn/assets/css/style.css]
[ccds.fzu.edu.cn/_sitegray/_sitegray_d.css]
[ccds.fzu.edu.cn/list.vsb.css]
[ccds.fzu.edu.cn/dpzw_list.vsb.css]
[ccds.fzu.edu.cn/system/resource/style/component/news/content/format4.css]
[ccds.fzu.edu.cn/rcpy/bxln.html]
[ccds.fzu.edu.cn/rcpy/jwtz.html]
[ccds.fzu.edu.cn/system/resource/js/news/mp4video.js]
[ccds.fzu.edu.cn/rcpy/jwdt/21.html]
[ccds.fzu.edu.cn/rcpy/jwdt/20.html]
[ccds.fzu.edu.cn/rcpy/jwdt/19.html]
[ccds.fzu.edu.cn/rcpy/jwdt/18.html]
[ccds.fzu.edu.cn/rcpy/jwdt.html]
[ccds.fzu.edu.cn/rcpy/bkjy.html]
[ccds.fzu.edu.cn/rcpy/jwdt/1.html]
[ccds.fzu.edu.cn/rcpy/yjsjy.html]
[ccds.fzu.edu.cn/rcpy/yjsjy/2.html]
[ccds.fzu.edu.cn/__local/F/DE/E1/86412C39F9EBE25B73E81BD3B14_F6D8BA67_51DCF.png]
[ccds.fzu.edu.cn/rcpy/yjsjy/1.html]
[ccds.fzu.edu.cn/__local/5/2B/BB/224429782389FBD4C21A6EB1839_AE67EEE0_7C86.png]
[ccds.fzu.edu.cn/rcpy/syjx.html]
[ccds.fzu.edu.cn/rcpy/mstd.html]
[ccds.fzu.edu.cn/rcpy/ylkc.html]
[ccds.fzu.edu.cn/rcpy/jxcg.html]
[ccds.fzu.edu.cn/system/resource/css/pagedown/sys.css]
[ccds.fzu.edu.cn/rcpy/jwgs/7.html]
[ccds.fzu.edu.cn/rcpy/jwgs/6.html]
[ccds.fzu.edu.cn/rcpy/jwgs/5.html]
[ccds.fzu.edu.cn/rcpy/jwgs/3.html]
[ccds.fzu.edu.cn/rcpy/jwgs/4.html]
[ccds.fzu.edu.cn/rcpy/jwgs/1.html]
[ccds.fzu.edu.cn/dpzw_list.vsb.css]
[ccds.fzu.edu.cn/system/resource/style/component/news/content/format4.css]
[ccds.fzu.edu.cn/rcpy/jwdt/21.html]
[ccds.fzu.edu.cn/rcpy/jwdt/20.html]
[ccds.fzu.edu.cn/rcpy/jwgs/2.html]
[ccds.fzu.edu.cn/rcpy/jwdt/19.html]
[ccds.fzu.edu.cn/rcpy/jwdt/18.html]
[ccds.fzu.edu.cn/rcpy/jwdt/17.html]
[ccds.fzu.edu.cn/rcpy/jwdt/16.html]
[ccds.fzu.edu.cn/rcpy/jwdt/5.html]
[ccds.fzu.edu.cn/rcpy/jwdt/4.html]
[ccds.fzu.edu.cn/rcpy/jwdt/2.html]
[ccds.fzu.edu.cn/rcpy/jwdt/1.html]
[ccds.fzu.edu.cn/rcpy/yjsjy/2.html]
[ccds.fzu.edu.cn/rcpy/yjsjy/1.html]
[ccds.fzu.edu.cn/rcpy/jwgs/3.html]
[ccds.fzu.edu.cn/rcpy/jwgs/2.html]
[ccds.fzu.edu.cn/rcpy/jwdt/3.html]
[ccds.fzu.edu.cn/rcpy/jwdt/17.html]
[ccds.fzu.edu.cn/rcpy/jwdt/15.html]
[ccds.fzu.edu.cn/rcpy/jwdt/16.html]
[ccds.fzu.edu.cn/rcpy/jwdt/2.html]
[ccds.fzu.edu.cn/rcpy/jwdt/14.html]
[ccds.fzu.edu.cn/rcpy/jwdt/6.html]
[ccds.fzu.edu.cn/rcpy/jwdt/5.html]
[ccds.fzu.edu.cn/rcpy/jwdt/4.html]
[ccds.fzu.edu.cn/rcpy/jwdt/3.html]
[ccds.fzu.edu.cn/rcpy/jwdt/7.html]
[ccds.fzu.edu.cn/rcpy/jwdt/15.html]
[ccds.fzu.edu.cn/rcpy/jwdt/13.html]
[ccds.fzu.edu.cn/rcpy/jwdt/14.html]
[ccds.fzu.edu.cn/rcpy/jwdt/12.html]
[ccds.fzu.edu.cn/rcpy/jwdt/6.html]
[ccds.fzu.edu.cn/rcpy/jwdt/8.html]
[ccds.fzu.edu.cn/rcpy/jwdt/7.html]
[ccds.fzu.edu.cn/rcpy/jwdt/9.html]
[ccds.fzu.edu.cn/rcpy/jwdt/13.html]
[ccds.fzu.edu.cn/rcpy/jwdt/11.html]
[ccds.fzu.edu.cn/rcpy/jwdt/12.html]
[ccds.fzu.edu.cn/rcpy/jwdt/8.html]
[ccds.fzu.edu.cn/rcpy/jwdt/9.html]
[ccds.fzu.edu.cn/rcpy/jwdt/11.html]
[ccds.fzu.edu.cn/rcpy/jwdt/10.html]
[ccds.fzu.edu.cn/rcpy/jwdt/10.html]
